╔══════════════════════════════════════════════════════════╗
║   FUTPICKS — Patch Logos v6 (ESPN tier 1+2+3)            ║
║   50 equipos objetivo                               ║
╚══════════════════════════════════════════════════════════╝

Construyendo mapa ESPN (tier 1 + tier 2 + tier 3)...
  Premier League: 20 equipos
  La Liga: 20 equipos
  Serie A: 20 equipos
  Bundesliga: 18 equipos
  Ligue 1: 18 equipos
  Eredivisie: 18 equipos
  Primeira Liga: 18 equipos
  MLS: 30 equipos
  Brasileirao: 20 equipos
  Championship (ENG): 24 equipos
  Segunda (ESP): 22 equipos
  Serie B (ITA): 20 equipos
  2. Bundesliga (GER): 18 equipos
  Ligue 2 (FRA): 18 equipos
  Eerste Divisie (NED): 20 equipos
  Liga Portugal 2: 0 equipos
  Ascenso MX: 13 equipos
  3. Liga (GER): 0 equipos
  Derde Divisie (NED): 16 equipos
Mapa ESPN total: 493 entradas únicas

══ DESCARGANDO 50 LOGOS ═════════════════════════════
ADO Den Haag: ok (118KB)
Ajaccio: notfound
Almere City: ok (107KB)
Almería: ok (53KB)
Arminia: ok (160KB)
AVS Futebol: notfound
B-SAD: notfound
Boavista: notfound
Bordeaux: notfound
Cambuur: ok (103KB)
Chaves: notfound
Clermont Foot: ok (86KB)
Darmstadt 98: ok (116KB)
De Graafschap: ok (102KB)
Den Bosch: ok (70KB)
Dordrecht: ok (111KB)
Elversberg: ok (65KB)
Emmen: ok (45KB)
Empoli: ok (37KB)
Farense: notfound
Greuther Fürth: ok (75KB)
Hellas Verona: notfound
Holstein Kiel: ok (188KB)
Ipswich Town: ok (22KB)
Las Palmas: ok (138KB)
Leicester City: ok (54KB)
Luton Town: notfound
Marítimo: notfound
Montpellier: ok (44KB)
MVV Maastricht: ok (23KB)
Norwich City: ok (64KB)
Paços de Ferreira: notfound
Paderborn 07: ok (30KB)
Pisa: notfound
Portimonense: notfound
RKC Waalwijk: ok (27KB)
Roda JC: ok (67KB)
Salernitana: notfound
Sampdoria: ok (22KB)
Schalke 04: ok (15KB)
Southampton: ok (38KB)
Spezia: ok (100KB)
Torreense: notfound
Troyes: ok (44KB)
Valladolid: ok (186KB)
Vitesse: ok (37KB)
Vizela: notfound
VVV-Venlo: ok (30KB)
Watford: ok (21KB)
Willem II: ok (45KB)

Resultado: 34 descargados, 16 no encontrados, 0 errores
Total logos de equipos en disco: 244/260